// Jest Snapshot v1, https://goo.gl/fbAQLP

exports[`Menu Icon корректно рендерится 1`] = `
<Fragment>
  <svg
    className="main"
    viewBox="0 0 9 17"
    xmlns="http://www.w3.org/2000/svg"
  >
    <rect
      height="1"
      width="7"
      x="0.48"
      y="0.5"
    />
    <rect
      height="1"
      width="7"
      x="0.48"
      y="7.5"
    />
    <rect
      height="1"
      width="7"
      x="0.48"
      y="15.5"
    />
  </svg>
  <svg
    className="sub"
    viewBox="0 0 18 17"
    xmlns="http://www.w3.org/2000/svg"
  >
    <rect
      height="1"
      width="16"
      x="1.56"
      y="0.5"
    />
    <rect
      height="1"
      width="16"
      x="1.56"
      y="7.5"
    />
    <rect
      height="1"
      width="16"
      x="1.56"
      y="15.5"
    />
  </svg>
</Fragment>
`;
